// Jest Snapshot v1, https://goo.gl/fbAQLP

exports[`Schedule tests Snapshot test 1`] = `
<div>
  <nav
    aria-labelledby="nested-list-subheader"
    class="MuiList-root makeStyles-root-1 MuiList-padding MuiList-subheader"
  >
    <div
      class="MuiListSubheader-root MuiListSubheader-sticky MuiListSubheader-gutters"
      id="nested-list-subheader"
    >
      Schedule for the Week
    </div>
    <div>
      <div
        aria-disabled="false"
        class="MuiButtonBase-root MuiListItem-root makeStyles-header-2 MuiListItem-gutters MuiListItem-button"
        role="button"
        tabindex="0"
      >
        <div
          class="MuiListItemIcon-root"
        >
          <svg
            aria-hidden="true"
            class="MuiSvgIcon-root"
            focusable="false"
            viewBox="0 0 24 24"
          >
            <path
              d="M2 21h19v-3H2v3zM20 8H3c-.55 0-1 .45-1 1v6c0 .55.45 1 1 1h17c.55 0 1-.45 1-1V9c0-.55-.45-1-1-1zM2 3v3h19V3H2z"
            />
          </svg>
        </div>
        <div
          class="MuiListItemText-root"
        >
          <span
            class="MuiTypography-root MuiListItemText-primary MuiTypography-body1 MuiTypography-displayBlock"
          >
            Sunday
          </span>
        </div>
        <svg
          aria-hidden="true"
          class="MuiSvgIcon-root"
          data-testid="isNotExpanded"
          focusable="false"
          viewBox="0 0 24 24"
        >
          <path
            d="M16.59 8.59L12 13.17 7.41 8.59 6 10l6 6 6-6z"
          />
        </svg>
        <span
          class="MuiTouchRipple-root"
        />
      </div>
    </div>
    <div>
      <div
        aria-disabled="false"
        class="MuiButtonBase-root MuiListItem-root makeStyles-header-2 MuiListItem-gutters MuiListItem-button"
        role="button"
        tabindex="0"
      >
        <div
          class="MuiListItemIcon-root"
        >
          <svg
            aria-hidden="true"
            class="MuiSvgIcon-root"
            focusable="false"
            viewBox="0 0 24 24"
          >
            <path
              d="M2 21h19v-3H2v3zM20 8H3c-.55 0-1 .45-1 1v6c0 .55.45 1 1 1h17c.55 0 1-.45 1-1V9c0-.55-.45-1-1-1zM2 3v3h19V3H2z"
            />
          </svg>
        </div>
        <div
          class="MuiListItemText-root"
        >
          <span
            class="MuiTypography-root MuiListItemText-primary MuiTypography-body1 MuiTypography-displayBlock"
          >
            Monday
          </span>
        </div>
        <svg
          aria-hidden="true"
          class="MuiSvgIcon-root"
          data-testid="isNotExpanded"
          focusable="false"
          viewBox="0 0 24 24"
        >
          <path
            d="M16.59 8.59L12 13.17 7.41 8.59 6 10l6 6 6-6z"
          />
        </svg>
        <span
          class="MuiTouchRipple-root"
        />
      </div>
    </div>
    <div>
      <div
        aria-disabled="false"
        class="MuiButtonBase-root MuiListItem-root makeStyles-header-2 MuiListItem-gutters MuiListItem-button"
        role="button"
        tabindex="0"
      >
        <div
          class="MuiListItemIcon-root"
        >
          <svg
            aria-hidden="true"
            class="MuiSvgIcon-root"
            focusable="false"
            viewBox="0 0 24 24"
          >
            <path
              d="M2 21h19v-3H2v3zM20 8H3c-.55 0-1 .45-1 1v6c0 .55.45 1 1 1h17c.55 0 1-.45 1-1V9c0-.55-.45-1-1-1zM2 3v3h19V3H2z"
            />
          </svg>
        </div>
        <div
          class="MuiListItemText-root"
        >
          <span
            class="MuiTypography-root MuiListItemText-primary MuiTypography-body1 MuiTypography-displayBlock"
          >
            Tuesday
          </span>
        </div>
        <svg
          aria-hidden="true"
          class="MuiSvgIcon-root"
          data-testid="isNotExpanded"
          focusable="false"
          viewBox="0 0 24 24"
        >
          <path
            d="M16.59 8.59L12 13.17 7.41 8.59 6 10l6 6 6-6z"
          />
        </svg>
        <span
          class="MuiTouchRipple-root"
        />
      </div>
    </div>
    <div>
      <div
        aria-disabled="false"
        class="MuiButtonBase-root MuiListItem-root makeStyles-header-2 MuiListItem-gutters MuiListItem-button"
        role="button"
        tabindex="0"
      >
        <div
          class="MuiListItemIcon-root"
        >
          <svg
            aria-hidden="true"
            class="MuiSvgIcon-root"
            focusable="false"
            viewBox="0 0 24 24"
          >
            <path
              d="M2 21h19v-3H2v3zM20 8H3c-.55 0-1 .45-1 1v6c0 .55.45 1 1 1h17c.55 0 1-.45 1-1V9c0-.55-.45-1-1-1zM2 3v3h19V3H2z"
            />
          </svg>
        </div>
        <div
          class="MuiListItemText-root"
        >
          <span
            class="MuiTypography-root MuiListItemText-primary MuiTypography-body1 MuiTypography-displayBlock"
          >
            Wednesday
          </span>
        </div>
        <svg
          aria-hidden="true"
          class="MuiSvgIcon-root"
          data-testid="isNotExpanded"
          focusable="false"
          viewBox="0 0 24 24"
        >
          <path
            d="M16.59 8.59L12 13.17 7.41 8.59 6 10l6 6 6-6z"
          />
        </svg>
        <span
          class="MuiTouchRipple-root"
        />
      </div>
    </div>
    <div>
      <div
        aria-disabled="false"
        class="MuiButtonBase-root MuiListItem-root makeStyles-header-2 MuiListItem-gutters MuiListItem-button"
        role="button"
        tabindex="0"
      >
        <div
          class="MuiListItemIcon-root"
        >
          <svg
            aria-hidden="true"
            class="MuiSvgIcon-root"
            focusable="false"
            viewBox="0 0 24 24"
          >
            <path
              d="M2 21h19v-3H2v3zM20 8H3c-.55 0-1 .45-1 1v6c0 .55.45 1 1 1h17c.55 0 1-.45 1-1V9c0-.55-.45-1-1-1zM2 3v3h19V3H2z"
            />
          </svg>
        </div>
        <div
          class="MuiListItemText-root"
        >
          <span
            class="MuiTypography-root MuiListItemText-primary MuiTypography-body1 MuiTypography-displayBlock"
          >
            Thursday
          </span>
        </div>
        <svg
          aria-hidden="true"
          class="MuiSvgIcon-root"
          data-testid="isNotExpanded"
          focusable="false"
          viewBox="0 0 24 24"
        >
          <path
            d="M16.59 8.59L12 13.17 7.41 8.59 6 10l6 6 6-6z"
          />
        </svg>
        <span
          class="MuiTouchRipple-root"
        />
      </div>
    </div>
    <div>
      <div
        aria-disabled="false"
        class="MuiButtonBase-root MuiListItem-root makeStyles-header-2 MuiListItem-gutters MuiListItem-button"
        role="button"
        tabindex="0"
      >
        <div
          class="MuiListItemIcon-root"
        >
          <svg
            aria-hidden="true"
            class="MuiSvgIcon-root"
            focusable="false"
            viewBox="0 0 24 24"
          >
            <path
              d="M2 21h19v-3H2v3zM20 8H3c-.55 0-1 .45-1 1v6c0 .55.45 1 1 1h17c.55 0 1-.45 1-1V9c0-.55-.45-1-1-1zM2 3v3h19V3H2z"
            />
          </svg>
        </div>
        <div
          class="MuiListItemText-root"
        >
          <span
            class="MuiTypography-root MuiListItemText-primary MuiTypography-body1 MuiTypography-displayBlock"
          >
            Friday
          </span>
        </div>
        <svg
          aria-hidden="true"
          class="MuiSvgIcon-root"
          data-testid="isNotExpanded"
          focusable="false"
          viewBox="0 0 24 24"
        >
          <path
            d="M16.59 8.59L12 13.17 7.41 8.59 6 10l6 6 6-6z"
          />
        </svg>
        <span
          class="MuiTouchRipple-root"
        />
      </div>
    </div>
    <div>
      <div
        aria-disabled="false"
        class="MuiButtonBase-root MuiListItem-root makeStyles-header-2 MuiListItem-gutters MuiListItem-button"
        role="button"
        tabindex="0"
      >
        <div
          class="MuiListItemIcon-root"
        >
          <svg
            aria-hidden="true"
            class="MuiSvgIcon-root"
            focusable="false"
            viewBox="0 0 24 24"
          >
            <path
              d="M2 21h19v-3H2v3zM20 8H3c-.55 0-1 .45-1 1v6c0 .55.45 1 1 1h17c.55 0 1-.45 1-1V9c0-.55-.45-1-1-1zM2 3v3h19V3H2z"
            />
          </svg>
        </div>
        <div
          class="MuiListItemText-root"
        >
          <span
            class="MuiTypography-root MuiListItemText-primary MuiTypography-body1 MuiTypography-displayBlock"
          >
            Saturday
          </span>
        </div>
        <svg
          aria-hidden="true"
          class="MuiSvgIcon-root"
          data-testid="isNotExpanded"
          focusable="false"
          viewBox="0 0 24 24"
        >
          <path
            d="M16.59 8.59L12 13.17 7.41 8.59 6 10l6 6 6-6z"
          />
        </svg>
        <span
          class="MuiTouchRipple-root"
        />
      </div>
    </div>
  </nav>
</div>
`;
